../Core/Src/main.c:78:6:LCD_I2C_Write_CMD	32	static
../Core/Src/main.c:88:6:LCD_I2C_Write_DATA	32	static
../Core/Src/main.c:99:6:LCD_I2C_Init	8	static
../Core/Src/main.c:109:6:LCD_I2C_Clean	8	static
../Core/Src/main.c:114:6:LCD_I2C_Location	16	static
../Core/Src/main.c:122:6:LCD_I2C_Write_String	32	static
../Core/Src/main.c:128:6:LCD_I2C_Write_Number	24	static
../Core/Src/main.c:133:7:calculate_ppm	48	static
../Core/Src/main.c:144:7:calculate_rs	32	static
../Core/Src/main.c:157:6:checkPassword	16	static
../Core/Src/main.c:173:5:main	216	static
../Core/Src/main.c:308:6:SystemClock_Config	88	static
../Core/Src/main.c:355:13:MX_ADC1_Init	24	static
../Core/Src/main.c:407:13:MX_ADC2_Init	24	static
../Core/Src/main.c:459:13:MX_I2C1_Init	8	static
../Core/Src/main.c:493:13:MX_I2C2_Init	8	static
../Core/Src/main.c:527:13:MX_TIM2_Init	64	static
../Core/Src/main.c:586:13:MX_UART5_Init	8	static
../Core/Src/main.c:619:13:MX_GPIO_Init	48	static
../Core/Src/main.c:660:6:Error_Handler	4	static,ignoring_inline_asm
